
  .   ____          _            __ _ _
 /\\ / ___'_ __ _ _(_)_ __  __ _ \ \ \ \
( ( )\___ | '_ | '_| | '_ \/ _` | \ \ \ \
 \\/  ___)| |_)| | | | | || (_| |  ) ) ) )
  '  |____| .__|_| |_|_| |_\__, | / / / /
 =========|_|==============|___/=/_/_/_/
 :: Spring Boot ::       (v2.2.13.RELEASE)

2026-04-08 12:14:28.702+0000  INFO --- [      main] o.e.b.BoundaryApplication                --  : Starting BoundaryApplication v1.1.5-SNAPSHOT on 66a52a73bbe5 with PID 1 (/app/app.jar started by root in /app) 
2026-04-08 12:14:28.708+0000  INFO --- [      main] o.e.b.BoundaryApplication                --  : No active profile set, falling back to default profiles: default 
2026-04-08 12:14:31.119+0000  INFO --- [      main] o.s.b.w.e.t.TomcatWebServer              --  : Tomcat initialized with port(s): 8082 (http) 
2026-04-08 12:14:31.141+0000  INFO --- [      main] o.a.c.core.StandardService               --  : Starting service [Tomcat] 
2026-04-08 12:14:31.141+0000  INFO --- [      main] o.a.c.core.StandardEngine                --  : Starting Servlet engine: [Apache Tomcat/9.0.41] 
2026-04-08 12:14:31.261+0000  INFO --- [      main] o.a.c.c.C.[.[.[/egov-location]           --  : Initializing Spring embedded WebApplicationContext 
2026-04-08 12:14:31.261+0000  INFO --- [      main] w.s.c.ServletWebServerApplicationContext --  : Root WebApplicationContext: initialization completed in 2451 ms 
2026-04-08 12:14:31.320+0000  INFO --- [      main] o.c.s.w.s.ServerTracingAutoConfiguration --  : Creating FilterRegistrationBean bean with TracingFilter mapped to [/*], skip pattern is "/api-docs.*|/autoconfig|/configprops|/dump|/health|/info|/metrics.*|/mappings|/swagger.*|.*.png|.*.css|.*.js|.*.html|/favicon.ico|/hystrix.stream|/prometheus|/manage/*" 
2026-04-08 12:14:31.724+0000  INFO --- [      main] o.f.c.i.license.VersionPrinter           --  : Flyway Community Edition 6.4.4 by Redgate 
WARNING: An illegal reflective access operation has occurred
WARNING: Illegal reflective access by org.postgresql.jdbc.TimestampUtils (jar:file:/app/app.jar!/BOOT-INF/lib/postgresql-9.4.1212.jar!/) to field java.util.TimeZone.defaultTimeZone
WARNING: Please consider reporting this to the maintainers of org.postgresql.jdbc.TimestampUtils
WARNING: Use --illegal-access=warn to enable warnings of further illegal reflective access operations
WARNING: All illegal access operations will be denied in a future release
2026-04-08 12:14:31.874+0000  INFO --- [      main] o.f.c.i.d.DatabaseFactory                --  : Database: jdbc:postgresql://postgres:5432/egovdb (PostgreSQL 14.22) 
2026-04-08 12:14:31.884+0000  WARN --- [      main] o.f.c.i.database.base.Database           --  : Flyway upgrade recommended: PostgreSQL 14.22 is newer than this version of Flyway and support has not been tested. The latest supported version of PostgreSQL is 12. 
2026-04-08 12:14:31.948+0000  INFO --- [      main] o.f.c.i.command.DbValidate               --  : Successfully validated 17 migrations (execution time 00:00.042s) 
2026-04-08 12:14:31.963+0000  INFO --- [      main] o.f.c.i.s.JdbcTableSchemaHistory         --  : Creating Schema History table "public"."flyway_schema_history" ... 
2026-04-08 12:14:32.015+0000  INFO --- [      main] o.f.c.i.command.DbMigrate                --  : Current version of schema "public": << Empty Schema >> 
2026-04-08 12:14:32.016+0000  WARN --- [      main] o.f.c.i.command.DbMigrate                --  : outOfOrder mode is active. Migration of schema "public" may not be reproducible. 
2026-04-08 12:14:32.026+0000  INFO --- [      main] o.f.c.i.command.DbMigrate                --  : Migrating schema "public" to version 20170224171156 - egb city citypreference ddl 
2026-04-08 12:14:32.089+0000  INFO --- [      main] o.f.c.i.command.DbMigrate                --  : Migrating schema "public" to version 20170224171215 - egb city citypreference data 
2026-04-08 12:14:32.104+0000  INFO --- [      main] o.f.c.i.command.DbMigrate                --  : Migrating schema "public" to version 20170321185815 - egb tenant ddl 
2026-04-08 12:14:32.191+0000  INFO --- [      main] o.f.c.i.command.DbMigrate                --  : Migrating schema "public" to version 20170423132001 - eg boundary unique with tenant DDL 
2026-04-08 12:14:32.250+0000  INFO --- [      main] o.f.c.i.command.DbMigrate                --  : Migrating schema "public" to version 20170508141636 - eg hierarchy type initial data 
2026-04-08 12:14:32.272+0000  INFO --- [      main] o.f.c.i.command.DbMigrate                --  : Migrating schema "public" to version 20170508144538 - eg boundary type data 
2026-04-08 12:14:32.316+0000  INFO --- [      main] o.f.c.i.command.DbMigrate                --  : Migrating schema "public" to version 20170508144806 - eg boundary data 
2026-04-08 12:14:32.467+0000  INFO --- [      main] o.f.c.i.command.DbMigrate                --  : Migrating schema "public" to version 20170508144910 - eg crosshierarchy data 
2026-04-08 12:14:32.597+0000  INFO --- [      main] o.f.c.i.command.DbMigrate                --  : Migrating schema "public" to version 20170529173222 - boundary sample data panavel 
2026-04-08 12:14:32.637+0000  INFO --- [      main] o.f.c.i.command.DbMigrate                --  : Migrating schema "public" to version 20170712135058 - kurnool boundary data 
2026-04-08 12:14:32.692+0000  INFO --- [      main] o.f.c.i.command.DbMigrate                --  : Migrating schema "public" to version 20170712135107 - kurnool cross hierarchy data 
2026-04-08 12:14:32.731+0000  INFO --- [      main] o.f.c.i.command.DbMigrate                --  : Migrating schema "public" to version 20170717112057 - kurnool boundary parent update 
2026-04-08 12:14:32.750+0000  INFO --- [      main] o.f.c.i.command.DbMigrate                --  : Migrating schema "public" to version 20170727144052 - RemoveDuplicateEntryIn eg boundary 
2026-04-08 12:14:32.761+0000  INFO --- [      main] o.f.c.i.command.DbMigrate                --  : Migrating schema "public" to version 20170727154052 - AddingBoundaryTypeNumberUniqueKey 
2026-04-08 12:14:32.781+0000  INFO --- [      main] o.f.c.i.command.DbMigrate                --  : Migrating schema "public" to version 20171009174052 - location tables alter script 
2026-04-08 12:14:32.829+0000  INFO --- [      main] o.f.c.i.command.DbMigrate                --  : Migrating schema "public" to version 20171010165256 - added hierarchy type wcms 
2026-04-08 12:14:32.836+0000  INFO --- [      main] o.f.c.i.command.DbMigrate                --  : Migrating schema "public" to version 20171011132508 - ptis hierarchy type 
2026-04-08 12:14:32.846+0000  INFO --- [      main] o.f.c.i.command.DbMigrate                --  : Successfully applied 17 migrations to schema "public" (execution time 00:00.835s) 
2026-04-08 12:14:33.823+0000  INFO --- [      main] o.c.s.w.s.ServerTracingAutoConfiguration --  : Creating WebMvcConfigurerAdapter bean with class io.opentracing.contrib.spring.web.interceptor.TracingHandlerInterceptor 
2026-04-08 12:14:34.125+0000  INFO --- [      main] o.s.s.c.ThreadPoolTaskExecutor           --  : Initializing ExecutorService 'applicationTaskExecutor' 
2026-04-08 12:14:34.997+0000  INFO --- [      main] o.s.b.a.e.w.EndpointLinksResolver        --  : Exposing 2 endpoint(s) beneath base path '' 
2026-04-08 12:14:35.322+0000  INFO --- [      main] o.s.b.w.e.t.TomcatWebServer              --  : Tomcat started on port(s): 8082 (http) with context path '/egov-location' 
2026-04-08 12:14:35.386+0000  INFO --- [      main] o.e.b.BoundaryApplication                --  : Started BoundaryApplication in 7.629 seconds (JVM running for 8.461) 
2026-04-08 12:28:21.966+0000  INFO --- [082-exec-1] o.a.c.c.C.[.[.[/egov-location]           --  : Initializing Spring DispatcherServlet 'dispatcherServlet' 
2026-04-08 12:28:21.967+0000  INFO --- [082-exec-1] o.s.w.s.DispatcherServlet                --  : Initializing Servlet 'dispatcherServlet' 
2026-04-08 12:28:21.983+0000  INFO --- [082-exec-1] o.s.w.s.DispatcherServlet                --  : Completed initialization in 16 ms 
2026-04-08 12:28:22.053+0000  INFO --- [082-exec-1] o.e.t.h.filters.TracerFilter             -- CORRELATION_ID=576c2a84-97a2-44ba-81ba-b16f65fed017 : Received request URI: http://localhost:8082/egov-location/boundarys  
2026-04-08 12:28:22.312+0000  INFO --- [082-exec-1] c.z.hikari.HikariDataSource              -- CORRELATION_ID=576c2a84-97a2-44ba-81ba-b16f65fed017 : HikariPool-1 - Starting... 
2026-04-08 12:28:22.352+0000  INFO --- [082-exec-1] c.zaxxer.hikari.pool.PoolBase            -- CORRELATION_ID=576c2a84-97a2-44ba-81ba-b16f65fed017 : HikariPool-1 - Driver does not support get/set network timeout for connections. (Method org.postgresql.jdbc.PgConnection.getNetworkTimeout() is not yet implemented.) 
2026-04-08 12:28:22.360+0000  INFO --- [082-exec-1] c.z.hikari.HikariDataSource              -- CORRELATION_ID=576c2a84-97a2-44ba-81ba-b16f65fed017 : HikariPool-1 - Start completed. 
2026-04-08 12:28:22.500+0000  INFO --- [082-exec-1] o.e.t.h.filters.TracerFilter             -- CORRELATION_ID=576c2a84-97a2-44ba-81ba-b16f65fed017 : Response code sent: 400 
2026-04-08 12:29:03.778+0000  INFO --- [082-exec-2] o.e.t.h.filters.TracerFilter             -- CORRELATION_ID=08f124e3-a8fe-4c2a-ba17-ec932ece7896 : Received request URI: http://localhost:8082/egov-location/boundarys  
2026-04-08 12:29:03.796+0000  INFO --- [082-exec-2] o.e.t.h.filters.TracerFilter             -- CORRELATION_ID=08f124e3-a8fe-4c2a-ba17-ec932ece7896 : Response code sent: 400 
2026-04-08 12:32:01.126+0000  INFO --- [082-exec-3] o.e.t.h.filters.TracerFilter             -- CORRELATION_ID=9ca6075f-9830-4166-87b2-410543f46701 : Received request URI: http://localhost:8082/egov-location/boundarys  
2026-04-08 12:32:01.153+0000  INFO --- [082-exec-3] o.e.t.h.filters.TracerFilter             -- CORRELATION_ID=9ca6075f-9830-4166-87b2-410543f46701 : Response code sent: 400 
2026-04-08 12:35:26.053+0000  INFO --- [082-exec-4] o.e.t.h.filters.TracerFilter             -- CORRELATION_ID=63a6686e-8d7c-4da1-bb9f-11fcbd7b72c4 : Received request URI: http://localhost:8082/egov-location/boundarys  
2026-04-08 12:35:26.063+0000  INFO --- [082-exec-4] o.e.t.h.filters.TracerFilter             -- CORRELATION_ID=63a6686e-8d7c-4da1-bb9f-11fcbd7b72c4 : Response code sent: 400 
2026-04-08 12:35:36.439+0000  INFO --- [082-exec-5] o.e.t.h.filters.TracerFilter             -- CORRELATION_ID=15ae4420-1e89-40e6-a4a2-8b5fa876a69b : Received request URI: http://localhost:8082/egov-location/location/v11/boundarys/_search  
2026-04-08 12:35:36.605+0000  INFO --- [082-exec-5] o.e.t.h.RestTemplateLoggingInterceptor   -- CORRELATION_ID=15ae4420-1e89-40e6-a4a2-8b5fa876a69b : Sending request to https://dev.digit.org/egov-mdms-service/v1/_search with verb POST 
2026-04-08 12:35:37.050+0000  WARN --- [082-exec-5] o.e.t.h.RestTemplateLoggingInterceptor   -- CORRELATION_ID=15ae4420-1e89-40e6-a4a2-8b5fa876a69b : Received error response from https://dev.digit.org/egov-mdms-service/v1/_search 

java.net.UnknownHostException: dev.digit.org
	at java.base/java.net.AbstractPlainSocketImpl.connect(Unknown Source)
	at java.base/java.net.SocksSocketImpl.connect(Unknown Source)
	at java.base/java.net.Socket.connect(Unknown Source)
	at java.base/sun.security.ssl.SSLSocketImpl.connect(Unknown Source)
	at java.base/sun.security.ssl.BaseSSLSocketImpl.connect(Unknown Source)
	at java.base/sun.net.NetworkClient.doConnect(Unknown Source)
	at java.base/sun.net.www.http.HttpClient.openServer(Unknown Source)
	at java.base/sun.net.www.http.HttpClient.openServer(Unknown Source)
	at java.base/sun.net.www.protocol.https.HttpsClient.<init>(Unknown Source)
	at java.base/sun.net.www.protocol.https.HttpsClient.New(Unknown Source)
	at java.base/sun.net.www.protocol.https.AbstractDelegateHttpsURLConnection.getNewHttpClient(Unknown Source)
	at java.base/sun.net.www.protocol.http.HttpURLConnection.plainConnect0(Unknown Source)
	at java.base/sun.net.www.protocol.http.HttpURLConnection.plainConnect(Unknown Source)
	at java.base/sun.net.www.protocol.https.AbstractDelegateHttpsURLConnection.connect(Unknown Source)
	at java.base/sun.net.www.protocol.https.HttpsURLConnectionImpl.connect(Unknown Source)
	at org.springframework.http.client.SimpleBufferingClientHttpRequest.executeInternal(SimpleBufferingClientHttpRequest.java:76)
	at org.springframework.http.client.AbstractBufferingClientHttpRequest.executeInternal(AbstractBufferingClientHttpRequest.java:48)
	at org.springframework.http.client.AbstractClientHttpRequest.execute(AbstractClientHttpRequest.java:53)
	at org.springframework.http.client.BufferingClientHttpRequestWrapper.executeInternal(BufferingClientHttpRequestWrapper.java:63)
	at org.springframework.http.client.AbstractBufferingClientHttpRequest.executeInternal(AbstractBufferingClientHttpRequest.java:48)
	at org.springframework.http.client.AbstractClientHttpRequest.execute(AbstractClientHttpRequest.java:53)
	at org.springframework.http.client.InterceptingClientHttpRequest$InterceptingRequestExecution.execute(InterceptingClientHttpRequest.java:109)
	at io.opentracing.contrib.spring.web.client.TracingRestTemplateInterceptor.intercept(TracingRestTemplateInterceptor.java:74)
	at org.springframework.http.client.InterceptingClientHttpRequest$InterceptingRequestExecution.execute(InterceptingClientHttpRequest.java:93)
	at org.egov.tracer.http.RestTemplateLoggingInterceptor.intercept(RestTemplateLoggingInterceptor.java:58)
	at org.springframework.http.client.InterceptingClientHttpRequest$InterceptingRequestExecution.execute(InterceptingClientHttpRequest.java:93)
	at org.springframework.http.client.InterceptingClientHttpRequest.executeInternal(InterceptingClientHttpRequest.java:77)
	at org.springframework.http.client.AbstractBufferingClientHttpRequest.executeInternal(AbstractBufferingClientHttpRequest.java:48)
	at org.springframework.http.client.AbstractClientHttpRequest.execute(AbstractClientHttpRequest.java:53)
	at org.springframework.web.client.RestTemplate.doExecute(RestTemplate.java:737)
	at org.springframework.web.client.RestTemplate.execute(RestTemplate.java:672)
	at org.springframework.web.client.RestTemplate.postForObject(RestTemplate.java:416)
	at org.egov.boundary.persistence.repository.MdmsRepository.getByCriteria(MdmsRepository.java:103)
	at org.egov.boundary.persistence.repository.MdmsRepository$$FastClassBySpringCGLIB$$3ed7ab13.invoke(<generated>)
	at org.springframework.cglib.proxy.MethodProxy.invoke(MethodProxy.java:218)
	at org.springframework.aop.framework.CglibAopProxy$CglibMethodInvocation.invokeJoinpoint(CglibAopProxy.java:771)
	at org.springframework.aop.framework.ReflectiveMethodInvocation.proceed(ReflectiveMethodInvocation.java:163)
	at org.springframework.aop.framework.CglibAopProxy$CglibMethodInvocation.proceed(CglibAopProxy.java:749)
	at org.springframework.dao.support.PersistenceExceptionTranslationInterceptor.invoke(PersistenceExceptionTranslationInterceptor.java:139)
	at org.springframework.aop.framework.ReflectiveMethodInvocation.proceed(ReflectiveMethodInvocation.java:186)
	at org.springframework.aop.framework.CglibAopProxy$CglibMethodInvocation.proceed(CglibAopProxy.java:749)
	at org.springframework.aop.framework.CglibAopProxy$DynamicAdvisedInterceptor.intercept(CglibAopProxy.java:691)
	at org.egov.boundary.persistence.repository.MdmsRepository$$EnhancerBySpringCGLIB$$b4381998.getByCriteria(<generated>)
	at org.egov.boundary.persistence.repository.BoundaryRepository.getBoundariesByTenantAndHierarchyType(BoundaryRepository.java:352)
	at org.egov.boundary.persistence.repository.BoundaryRepository$$FastClassBySpringCGLIB$$513db780.invoke(<generated>)
	at org.springframework.cglib.proxy.MethodProxy.invoke(MethodProxy.java:218)
	at org.springframework.aop.framework.CglibAopProxy$CglibMethodInvocation.invokeJoinpoint(CglibAopProxy.java:771)
	at org.springframework.aop.framework.ReflectiveMethodInvocation.proceed(ReflectiveMethodInvocation.java:163)
	at org.springframework.aop.framework.CglibAopProxy$CglibMethodInvocation.proceed(CglibAopProxy.java:749)
	at org.springframework.dao.support.PersistenceExceptionTranslationInterceptor.invoke(PersistenceExceptionTranslationInterceptor.java:139)
	at org.springframework.aop.framework.ReflectiveMethodInvocation.proceed(ReflectiveMethodInvocation.java:186)
	at org.springframework.aop.framework.CglibAopProxy$CglibMethodInvocation.proceed(CglibAopProxy.java:749)
	at org.springframework.aop.framework.CglibAopProxy$DynamicAdvisedInterceptor.intercept(CglibAopProxy.java:691)
	at org.egov.boundary.persistence.repository.BoundaryRepository$$EnhancerBySpringCGLIB$$3ecaeaff.getBoundariesByTenantAndHierarchyType(<generated>)
	at org.egov.boundary.domain.service.BoundaryService.getBoundariesByTenantAndHierarchyType(BoundaryService.java:343)
	at org.egov.boundary.web.controller.LocationBoundaryController.boundarySearch(LocationBoundaryController.java:99)
	at org.egov.boundary.web.controller.LocationBoundaryController$$FastClassBySpringCGLIB$$37ab20ca.invoke(<generated>)
	at org.springframework.cglib.proxy.MethodProxy.invoke(MethodProxy.java:218)
	at org.springframework.aop.framework.CglibAopProxy$CglibMethodInvocation.invokeJoinpoint(CglibAopProxy.java:771)
	at org.springframework.aop.framework.ReflectiveMethodInvocation.proceed(ReflectiveMethodInvocation.java:163)
	at org.springframework.aop.framework.CglibAopProxy$CglibMethodInvocation.proceed(CglibAopProxy.java:749)
	at org.springframework.validation.beanvalidation.MethodValidationInterceptor.invoke(MethodValidationInterceptor.java:119)
	at org.springframework.aop.framework.ReflectiveMethodInvocation.proceed(ReflectiveMethodInvocation.java:186)
	at org.springframework.aop.framework.CglibAopProxy$CglibMethodInvocation.proceed(CglibAopProxy.java:749)
	at org.springframework.aop.framework.CglibAopProxy$DynamicAdvisedInterceptor.intercept(CglibAopProxy.java:691)
	at org.egov.boundary.web.controller.LocationBoundaryController$$EnhancerBySpringCGLIB$$94ab0a1c.boundarySearch(<generated>)
	at java.base/jdk.internal.reflect.NativeMethodAccessorImpl.invoke0(Native Method)
	at java.base/jdk.internal.reflect.NativeMethodAccessorImpl.invoke(Unknown Source)
	at java.base/jdk.internal.reflect.DelegatingMethodAccessorImpl.invoke(Unknown Source)
	at java.base/java.lang.reflect.Method.invoke(Unknown Source)
	at org.springframework.web.method.support.InvocableHandlerMethod.doInvoke(InvocableHandlerMethod.java:190)
	at org.springframework.web.method.support.InvocableHandlerMethod.invokeForRequest(InvocableHandlerMethod.java:138)
	at org.springframework.web.servlet.mvc.method.annotation.ServletInvocableHandlerMethod.invokeAndHandle(ServletInvocableHandlerMethod.java:105)
	at org.springframework.web.servlet.mvc.method.annotation.RequestMappingHandlerAdapter.invokeHandlerMethod(RequestMappingHandlerAdapter.java:878)
	at org.springframework.web.servlet.mvc.method.annotation.RequestMappingHandlerAdapter.handleInternal(RequestMappingHandlerAdapter.java:792)
	at org.springframework.web.servlet.mvc.method.AbstractHandlerMethodAdapter.handle(AbstractHandlerMethodAdapter.java:87)
	at org.springframework.web.servlet.DispatcherServlet.doDispatch(DispatcherServlet.java:1040)
	at org.springframework.web.servlet.DispatcherServlet.doService(DispatcherServlet.java:943)
	at org.springframework.web.servlet.FrameworkServlet.processRequest(FrameworkServlet.java:1006)
	at org.springframework.web.servlet.FrameworkServlet.doPost(FrameworkServlet.java:909)
	at javax.servlet.http.HttpServlet.service(HttpServlet.java:652)
	at org.springframework.web.servlet.FrameworkServlet.service(FrameworkServlet.java:883)
	at javax.servlet.http.HttpServlet.service(HttpServlet.java:733)
	at org.apache.catalina.core.ApplicationFilterChain.internalDoFilter(ApplicationFilterChain.java:231)
	at org.apache.catalina.core.ApplicationFilterChain.doFilter(ApplicationFilterChain.java:166)
	at org.apache.tomcat.websocket.server.WsFilter.doFilter(WsFilter.java:53)
	at org.apache.catalina.core.ApplicationFilterChain.internalDoFilter(ApplicationFilterChain.java:193)
	at org.apache.catalina.core.ApplicationFilterChain.doFilter(ApplicationFilterChain.java:166)
	at io.opentracing.contrib.web.servlet.filter.TracingFilter.doFilter(TracingFilter.java:165)
	at org.apache.catalina.core.ApplicationFilterChain.internalDoFilter(ApplicationFilterChain.java:193)
	at org.apache.catalina.core.ApplicationFilterChain.doFilter(ApplicationFilterChain.java:166)
	at org.egov.tracer.http.filters.TracerFilter.doFilter(TracerFilter.java:89)
	at org.apache.catalina.core.ApplicationFilterChain.internalDoFilter(ApplicationFilterChain.java:193)
	at org.apache.catalina.core.ApplicationFilterChain.doFilter(ApplicationFilterChain.java:166)
	at org.springframework.web.filter.RequestContextFilter.doFilterInternal(RequestContextFilter.java:100)
	at org.springframework.web.filter.OncePerRequestFilter.doFilter(OncePerRequestFilter.java:119)
	at org.apache.catalina.core.ApplicationFilterChain.internalDoFilter(ApplicationFilterChain.java:193)
	at org.apache.catalina.core.ApplicationFilterChain.doFilter(ApplicationFilterChain.java:166)
	at org.springframework.web.filter.FormContentFilter.doFilterInternal(FormContentFilter.java:93)
	at org.springframework.web.filter.OncePerRequestFilter.doFilter(OncePerRequestFilter.java:119)
	at org.apache.catalina.core.ApplicationFilterChain.internalDoFilter(ApplicationFilterChain.java:193)
	at org.apache.catalina.core.ApplicationFilterChain.doFilter(ApplicationFilterChain.java:166)
	at org.springframework.boot.actuate.metrics.web.servlet.WebMvcMetricsFilter.doFilterInternal(WebMvcMetricsFilter.java:109)
	at org.springframework.web.filter.OncePerRequestFilter.doFilter(OncePerRequestFilter.java:119)
	at org.apache.catalina.core.ApplicationFilterChain.internalDoFilter(ApplicationFilterChain.java:193)
	at org.apache.catalina.core.ApplicationFilterChain.doFilter(ApplicationFilterChain.java:166)
	at org.springframework.web.filter.CharacterEncodingFilter.doFilterInternal(CharacterEncodingFilter.java:201)
	at org.springframework.web.filter.OncePerRequestFilter.doFilter(OncePerRequestFilter.java:119)
	at org.apache.catalina.core.ApplicationFilterChain.internalDoFilter(ApplicationFilterChain.java:193)
	at org.apache.catalina.core.ApplicationFilterChain.doFilter(ApplicationFilterChain.java:166)
	at org.apache.catalina.core.StandardWrapperValve.invoke(StandardWrapperValve.java:202)
	at org.apache.catalina.core.StandardContextValve.invoke(StandardContextValve.java:97)
	at org.apache.catalina.authenticator.AuthenticatorBase.invoke(AuthenticatorBase.java:542)
	at org.apache.catalina.core.StandardHostValve.invoke(StandardHostValve.java:143)
	at org.apache.catalina.valves.ErrorReportValve.invoke(ErrorReportValve.java:92)
	at org.apache.catalina.core.StandardEngineValve.invoke(StandardEngineValve.java:78)
	at org.apache.catalina.connector.CoyoteAdapter.service(CoyoteAdapter.java:343)
	at org.apache.coyote.http11.Http11Processor.service(Http11Processor.java:374)
	at org.apache.coyote.AbstractProcessorLight.process(AbstractProcessorLight.java:65)
	at org.apache.coyote.AbstractProtocol$ConnectionHandler.process(AbstractProtocol.java:888)
	at org.apache.tomcat.util.net.NioEndpoint$SocketProcessor.doRun(NioEndpoint.java:1597)
	at org.apache.tomcat.util.net.SocketProcessorBase.run(SocketProcessorBase.java:49)
	at java.base/java.util.concurrent.ThreadPoolExecutor.runWorker(Unknown Source)
	at java.base/java.util.concurrent.ThreadPoolExecutor$Worker.run(Unknown Source)
	at org.apache.tomcat.util.threads.TaskThread$WrappingRunnable.run(TaskThread.java:61)
	at java.base/java.lang.Thread.run(Unknown Source)

2026-04-08 12:35:37.053+0000 ERROR --- [082-exec-5] o.e.b.p.r.MdmsRepository                 -- CORRELATION_ID=15ae4420-1e89-40e6-a4a2-8b5fa876a69b : Invalid TenantIdI/O error on POST request for "https://dev.digit.org/egov-mdms-service/v1/_search": dev.digit.org; nested exception is java.net.UnknownHostException: dev.digit.org 
2026-04-08 12:35:37.062+0000  INFO --- [082-exec-5] o.e.b.p.r.BoundaryRepository             -- CORRELATION_ID=15ae4420-1e89-40e6-a4a2-8b5fa876a69b : TIME TAKEN for MDMS Search result = 549ms 
2026-04-08 12:35:37.063+0000  INFO --- [082-exec-5] o.e.b.p.r.BoundaryRepository             -- CORRELATION_ID=15ae4420-1e89-40e6-a4a2-8b5fa876a69b : TIME TAKEN to process the MDMS search result = 0ms 
2026-04-08 12:35:37.064+0000  INFO --- [082-exec-5] o.e.b.w.c.LocationBoundaryController     -- CORRELATION_ID=15ae4420-1e89-40e6-a4a2-8b5fa876a69b : ToTAL Time Taken In Controller To fetch Boundaries = 561ms 
2026-04-08 12:35:37.068+0000  INFO --- [082-exec-5] o.e.t.h.filters.TracerFilter             -- CORRELATION_ID=15ae4420-1e89-40e6-a4a2-8b5fa876a69b : Response code sent: 200 
2026-04-08 12:37:44.131+0000  INFO --- [082-exec-8] o.e.t.h.filters.TracerFilter             -- CORRELATION_ID=eee564e4-b0be-4f2f-a90f-9de70a44407a : Received request URI: http://localhost:8082/egov-location/boundarys  
2026-04-08 12:37:44.184+0000 ERROR --- [082-exec-8] o.egov.tracer.ExceptionAdvise            -- CORRELATION_ID=eee564e4-b0be-4f2f-a90f-9de70a44407a : Exception caught in tracer  

org.springframework.http.converter.HttpMessageNotReadableException: JSON parse error: Cannot construct instance of `org.egov.boundary.web.contract.BoundaryType` (although at least one Creator exists): no String-argument constructor/factory method to deserialize from String value ('Locality'); nested exception is com.fasterxml.jackson.databind.exc.MismatchedInputException: Cannot construct instance of `org.egov.boundary.web.contract.BoundaryType` (although at least one Creator exists): no String-argument constructor/factory method to deserialize from String value ('Locality')
 at [Source: (PushbackInputStream); line: 19, column: 17] (through reference chain: org.egov.boundary.web.contract.BoundaryRequest["Boundary"]->org.egov.boundary.domain.model.Boundary["boundaryType"])
	at org.springframework.http.converter.json.AbstractJackson2HttpMessageConverter.readJavaType(AbstractJackson2HttpMessageConverter.java:285)
	at org.springframework.http.converter.json.AbstractJackson2HttpMessageConverter.read(AbstractJackson2HttpMessageConverter.java:243)
	at org.springframework.web.servlet.mvc.method.annotation.AbstractMessageConverterMethodArgumentResolver.readWithMessageConverters(AbstractMessageConverterMethodArgumentResolver.java:205)
	at org.springframework.web.servlet.mvc.method.annotation.RequestResponseBodyMethodProcessor.readWithMessageConverters(RequestResponseBodyMethodProcessor.java:158)
	at org.springframework.web.servlet.mvc.method.annotation.RequestResponseBodyMethodProcessor.resolveArgument(RequestResponseBodyMethodProcessor.java:131)
	at org.springframework.web.method.support.HandlerMethodArgumentResolverComposite.resolveArgument(HandlerMethodArgumentResolverComposite.java:121)
	at org.springframework.web.method.support.InvocableHandlerMethod.getMethodArgumentValues(InvocableHandlerMethod.java:167)
	at org.springframework.web.method.support.InvocableHandlerMethod.invokeForRequest(InvocableHandlerMethod.java:134)
	at org.springframework.web.servlet.mvc.method.annotation.ServletInvocableHandlerMethod.invokeAndHandle(ServletInvocableHandlerMethod.java:105)
	at org.springframework.web.servlet.mvc.method.annotation.RequestMappingHandlerAdapter.invokeHandlerMethod(RequestMappingHandlerAdapter.java:878)
	at org.springframework.web.servlet.mvc.method.annotation.RequestMappingHandlerAdapter.handleInternal(RequestMappingHandlerAdapter.java:792)
	at org.springframework.web.servlet.mvc.method.AbstractHandlerMethodAdapter.handle(AbstractHandlerMethodAdapter.java:87)
	at org.springframework.web.servlet.DispatcherServlet.doDispatch(DispatcherServlet.java:1040)
	at org.springframework.web.servlet.DispatcherServlet.doService(DispatcherServlet.java:943)
	at org.springframework.web.servlet.FrameworkServlet.processRequest(FrameworkServlet.java:1006)
	at org.springframework.web.servlet.FrameworkServlet.doPost(FrameworkServlet.java:909)
	at javax.servlet.http.HttpServlet.service(HttpServlet.java:652)
	at org.springframework.web.servlet.FrameworkServlet.service(FrameworkServlet.java:883)
	at javax.servlet.http.HttpServlet.service(HttpServlet.java:733)
	at org.apache.catalina.core.ApplicationFilterChain.internalDoFilter(ApplicationFilterChain.java:231)
	at org.apache.catalina.core.ApplicationFilterChain.doFilter(ApplicationFilterChain.java:166)
	at org.apache.tomcat.websocket.server.WsFilter.doFilter(WsFilter.java:53)
	at org.apache.catalina.core.ApplicationFilterChain.internalDoFilter(ApplicationFilterChain.java:193)
	at org.apache.catalina.core.ApplicationFilterChain.doFilter(ApplicationFilterChain.java:166)
	at io.opentracing.contrib.web.servlet.filter.TracingFilter.doFilter(TracingFilter.java:165)
	at org.apache.catalina.core.ApplicationFilterChain.internalDoFilter(ApplicationFilterChain.java:193)
	at org.apache.catalina.core.ApplicationFilterChain.doFilter(ApplicationFilterChain.java:166)
	at org.egov.tracer.http.filters.TracerFilter.doFilter(TracerFilter.java:89)
	at org.apache.catalina.core.ApplicationFilterChain.internalDoFilter(ApplicationFilterChain.java:193)
	at org.apache.catalina.core.ApplicationFilterChain.doFilter(ApplicationFilterChain.java:166)
	at org.springframework.web.filter.RequestContextFilter.doFilterInternal(RequestContextFilter.java:100)
	at org.springframework.web.filter.OncePerRequestFilter.doFilter(OncePerRequestFilter.java:119)
	at org.apache.catalina.core.ApplicationFilterChain.internalDoFilter(ApplicationFilterChain.java:193)
	at org.apache.catalina.core.ApplicationFilterChain.doFilter(ApplicationFilterChain.java:166)
	at org.springframework.web.filter.FormContentFilter.doFilterInternal(FormContentFilter.java:93)
	at org.springframework.web.filter.OncePerRequestFilter.doFilter(OncePerRequestFilter.java:119)
	at org.apache.catalina.core.ApplicationFilterChain.internalDoFilter(ApplicationFilterChain.java:193)
	at org.apache.catalina.core.ApplicationFilterChain.doFilter(ApplicationFilterChain.java:166)
	at org.springframework.boot.actuate.metrics.web.servlet.WebMvcMetricsFilter.doFilterInternal(WebMvcMetricsFilter.java:109)
	at org.springframework.web.filter.OncePerRequestFilter.doFilter(OncePerRequestFilter.java:119)
	at org.apache.catalina.core.ApplicationFilterChain.internalDoFilter(ApplicationFilterChain.java:193)
	at org.apache.catalina.core.ApplicationFilterChain.doFilter(ApplicationFilterChain.java:166)
	at org.springframework.web.filter.CharacterEncodingFilter.doFilterInternal(CharacterEncodingFilter.java:201)
	at org.springframework.web.filter.OncePerRequestFilter.doFilter(OncePerRequestFilter.java:119)
	at org.apache.catalina.core.ApplicationFilterChain.internalDoFilter(ApplicationFilterChain.java:193)
	at org.apache.catalina.core.ApplicationFilterChain.doFilter(ApplicationFilterChain.java:166)
	at org.apache.catalina.core.StandardWrapperValve.invoke(StandardWrapperValve.java:202)
	at org.apache.catalina.core.StandardContextValve.invoke(StandardContextValve.java:97)
	at org.apache.catalina.authenticator.AuthenticatorBase.invoke(AuthenticatorBase.java:542)
	at org.apache.catalina.core.StandardHostValve.invoke(StandardHostValve.java:143)
	at org.apache.catalina.valves.ErrorReportValve.invoke(ErrorReportValve.java:92)
	at org.apache.catalina.core.StandardEngineValve.invoke(StandardEngineValve.java:78)
	at org.apache.catalina.connector.CoyoteAdapter.service(CoyoteAdapter.java:343)
	at org.apache.coyote.http11.Http11Processor.service(Http11Processor.java:374)
	at org.apache.coyote.AbstractProcessorLight.process(AbstractProcessorLight.java:65)
	at org.apache.coyote.AbstractProtocol$ConnectionHandler.process(AbstractProtocol.java:888)
	at org.apache.tomcat.util.net.NioEndpoint$SocketProcessor.doRun(NioEndpoint.java:1597)
	at org.apache.tomcat.util.net.SocketProcessorBase.run(SocketProcessorBase.java:49)
	at java.base/java.util.concurrent.ThreadPoolExecutor.runWorker(Unknown Source)
	at java.base/java.util.concurrent.ThreadPoolExecutor$Worker.run(Unknown Source)
	at org.apache.tomcat.util.threads.TaskThread$WrappingRunnable.run(TaskThread.java:61)
	at java.base/java.lang.Thread.run(Unknown Source)
Caused by: com.fasterxml.jackson.databind.exc.MismatchedInputException: Cannot construct instance of `org.egov.boundary.web.contract.BoundaryType` (although at least one Creator exists): no String-argument constructor/factory method to deserialize from String value ('Locality')
 at [Source: (PushbackInputStream); line: 19, column: 17] (through reference chain: org.egov.boundary.web.contract.BoundaryRequest["Boundary"]->org.egov.boundary.domain.model.Boundary["boundaryType"])
	at com.fasterxml.jackson.databind.exc.MismatchedInputException.from(MismatchedInputException.java:63)
	at com.fasterxml.jackson.databind.DeserializationContext.reportInputMismatch(DeserializationContext.java:1432)
	at com.fasterxml.jackson.databind.DeserializationContext.handleMissingInstantiator(DeserializationContext.java:1062)
	at com.fasterxml.jackson.databind.deser.ValueInstantiator._createFromStringFallbacks(ValueInstantiator.java:371)
	at com.fasterxml.jackson.databind.deser.std.StdValueInstantiator.createFromString(StdValueInstantiator.java:323)
	at com.fasterxml.jackson.databind.deser.BeanDeserializerBase.deserializeFromString(BeanDeserializerBase.java:1378)
	at com.fasterxml.jackson.databind.deser.BeanDeserializer._deserializeOther(BeanDeserializer.java:171)
	at com.fasterxml.jackson.databind.deser.BeanDeserializer.deserialize(BeanDeserializer.java:161)
	at com.fasterxml.jackson.databind.deser.impl.MethodProperty.deserializeAndSet(MethodProperty.java:129)
	at com.fasterxml.jackson.databind.deser.BeanDeserializer.vanillaDeserialize(BeanDeserializer.java:288)
	at com.fasterxml.jackson.databind.deser.BeanDeserializer.deserialize(BeanDeserializer.java:151)
	at com.fasterxml.jackson.databind.deser.impl.MethodProperty.deserializeAndSet(MethodProperty.java:129)
	at com.fasterxml.jackson.databind.deser.BeanDeserializer.vanillaDeserialize(BeanDeserializer.java:288)
	at com.fasterxml.jackson.databind.deser.BeanDeserializer.deserialize(BeanDeserializer.java:151)
	at com.fasterxml.jackson.databind.ObjectMapper._readMapAndClose(ObjectMapper.java:4218)
	at com.fasterxml.jackson.databind.ObjectMapper.readValue(ObjectMapper.java:3267)
	at org.springframework.http.converter.json.AbstractJackson2HttpMessageConverter.readJavaType(AbstractJackson2HttpMessageConverter.java:274)
	... 61 common frames omitted

2026-04-08 12:37:44.215+0000  INFO --- [082-exec-8] o.e.t.h.filters.TracerFilter             -- CORRELATION_ID=eee564e4-b0be-4f2f-a90f-9de70a44407a : Response code sent: 400 
2026-04-08 12:38:01.760+0000  INFO --- [082-exec-7] o.e.t.h.filters.TracerFilter             -- CORRELATION_ID=8e49516e-ed5a-4095-89e5-ae671a9792ec : Received request URI: http://localhost:8082/egov-location/location/v11/boundarys/_search  
2026-04-08 12:38:01.768+0000  INFO --- [082-exec-7] o.e.t.h.RestTemplateLoggingInterceptor   -- CORRELATION_ID=8e49516e-ed5a-4095-89e5-ae671a9792ec : Sending request to https://dev.digit.org/egov-mdms-service/v1/_search with verb POST 
2026-04-08 12:38:01.947+0000  WARN --- [082-exec-7] o.e.t.h.RestTemplateLoggingInterceptor   -- CORRELATION_ID=8e49516e-ed5a-4095-89e5-ae671a9792ec : Received error response from https://dev.digit.org/egov-mdms-service/v1/_search 

java.net.UnknownHostException: dev.digit.org
	at java.base/java.net.AbstractPlainSocketImpl.connect(Unknown Source)
	at java.base/java.net.SocksSocketImpl.connect(Unknown Source)
	at java.base/java.net.Socket.connect(Unknown Source)
	at java.base/sun.security.ssl.SSLSocketImpl.connect(Unknown Source)
	at java.base/sun.security.ssl.BaseSSLSocketImpl.connect(Unknown Source)
	at java.base/sun.net.NetworkClient.doConnect(Unknown Source)
	at java.base/sun.net.www.http.HttpClient.openServer(Unknown Source)
	at java.base/sun.net.www.http.HttpClient.openServer(Unknown Source)
	at java.base/sun.net.www.protocol.https.HttpsClient.<init>(Unknown Source)
	at java.base/sun.net.www.protocol.https.HttpsClient.New(Unknown Source)
	at java.base/sun.net.www.protocol.https.AbstractDelegateHttpsURLConnection.getNewHttpClient(Unknown Source)
	at java.base/sun.net.www.protocol.http.HttpURLConnection.plainConnect0(Unknown Source)
	at java.base/sun.net.www.protocol.http.HttpURLConnection.plainConnect(Unknown Source)
	at java.base/sun.net.www.protocol.https.AbstractDelegateHttpsURLConnection.connect(Unknown Source)
	at java.base/sun.net.www.protocol.https.HttpsURLConnectionImpl.connect(Unknown Source)
	at org.springframework.http.client.SimpleBufferingClientHttpRequest.executeInternal(SimpleBufferingClientHttpRequest.java:76)
	at org.springframework.http.client.AbstractBufferingClientHttpRequest.executeInternal(AbstractBufferingClientHttpRequest.java:48)
	at org.springframework.http.client.AbstractClientHttpRequest.execute(AbstractClientHttpRequest.java:53)
	at org.springframework.http.client.BufferingClientHttpRequestWrapper.executeInternal(BufferingClientHttpRequestWrapper.java:63)
	at org.springframework.http.client.AbstractBufferingClientHttpRequest.executeInternal(AbstractBufferingClientHttpRequest.java:48)
	at org.springframework.http.client.AbstractClientHttpRequest.execute(AbstractClientHttpRequest.java:53)
	at org.springframework.http.client.InterceptingClientHttpRequest$InterceptingRequestExecution.execute(InterceptingClientHttpRequest.java:109)
	at io.opentracing.contrib.spring.web.client.TracingRestTemplateInterceptor.intercept(TracingRestTemplateInterceptor.java:74)
	at org.springframework.http.client.InterceptingClientHttpRequest$InterceptingRequestExecution.execute(InterceptingClientHttpRequest.java:93)
	at org.egov.tracer.http.RestTemplateLoggingInterceptor.intercept(RestTemplateLoggingInterceptor.java:58)
	at org.springframework.http.client.InterceptingClientHttpRequest$InterceptingRequestExecution.execute(InterceptingClientHttpRequest.java:93)
	at org.springframework.http.client.InterceptingClientHttpRequest.executeInternal(InterceptingClientHttpRequest.java:77)
	at org.springframework.http.client.AbstractBufferingClientHttpRequest.executeInternal(AbstractBufferingClientHttpRequest.java:48)
	at org.springframework.http.client.AbstractClientHttpRequest.execute(AbstractClientHttpRequest.java:53)
	at org.springframework.web.client.RestTemplate.doExecute(RestTemplate.java:737)
	at org.springframework.web.client.RestTemplate.execute(RestTemplate.java:672)
	at org.springframework.web.client.RestTemplate.postForObject(RestTemplate.java:416)
	at org.egov.boundary.persistence.repository.MdmsRepository.getByCriteria(MdmsRepository.java:103)
	at org.egov.boundary.persistence.repository.MdmsRepository$$FastClassBySpringCGLIB$$3ed7ab13.invoke(<generated>)
	at org.springframework.cglib.proxy.MethodProxy.invoke(MethodProxy.java:218)
	at org.springframework.aop.framework.CglibAopProxy$CglibMethodInvocation.invokeJoinpoint(CglibAopProxy.java:771)
	at org.springframework.aop.framework.ReflectiveMethodInvocation.proceed(ReflectiveMethodInvocation.java:163)
	at org.springframework.aop.framework.CglibAopProxy$CglibMethodInvocation.proceed(CglibAopProxy.java:749)
	at org.springframework.dao.support.PersistenceExceptionTranslationInterceptor.invoke(PersistenceExceptionTranslationInterceptor.java:139)
	at org.springframework.aop.framework.ReflectiveMethodInvocation.proceed(ReflectiveMethodInvocation.java:186)
	at org.springframework.aop.framework.CglibAopProxy$CglibMethodInvocation.proceed(CglibAopProxy.java:749)
	at org.springframework.aop.framework.CglibAopProxy$DynamicAdvisedInterceptor.intercept(CglibAopProxy.java:691)
	at org.egov.boundary.persistence.repository.MdmsRepository$$EnhancerBySpringCGLIB$$b4381998.getByCriteria(<generated>)
	at org.egov.boundary.persistence.repository.BoundaryRepository.getBoundariesByTenantAndHierarchyType(BoundaryRepository.java:352)
	at org.egov.boundary.persistence.repository.BoundaryRepository$$FastClassBySpringCGLIB$$513db780.invoke(<generated>)
	at org.springframework.cglib.proxy.MethodProxy.invoke(MethodProxy.java:218)
	at org.springframework.aop.framework.CglibAopProxy$CglibMethodInvocation.invokeJoinpoint(CglibAopProxy.java:771)
	at org.springframework.aop.framework.ReflectiveMethodInvocation.proceed(ReflectiveMethodInvocation.java:163)
	at org.springframework.aop.framework.CglibAopProxy$CglibMethodInvocation.proceed(CglibAopProxy.java:749)
	at org.springframework.dao.support.PersistenceExceptionTranslationInterceptor.invoke(PersistenceExceptionTranslationInterceptor.java:139)
	at org.springframework.aop.framework.ReflectiveMethodInvocation.proceed(ReflectiveMethodInvocation.java:186)
	at org.springframework.aop.framework.CglibAopProxy$CglibMethodInvocation.proceed(CglibAopProxy.java:749)
	at org.springframework.aop.framework.CglibAopProxy$DynamicAdvisedInterceptor.intercept(CglibAopProxy.java:691)
	at org.egov.boundary.persistence.repository.BoundaryRepository$$EnhancerBySpringCGLIB$$3ecaeaff.getBoundariesByTenantAndHierarchyType(<generated>)
	at org.egov.boundary.domain.service.BoundaryService.getBoundariesByTenantAndHierarchyType(BoundaryService.java:343)
	at org.egov.boundary.web.controller.LocationBoundaryController.boundarySearch(LocationBoundaryController.java:99)
	at org.egov.boundary.web.controller.LocationBoundaryController$$FastClassBySpringCGLIB$$37ab20ca.invoke(<generated>)
	at org.springframework.cglib.proxy.MethodProxy.invoke(MethodProxy.java:218)
	at org.springframework.aop.framework.CglibAopProxy$CglibMethodInvocation.invokeJoinpoint(CglibAopProxy.java:771)
	at org.springframework.aop.framework.ReflectiveMethodInvocation.proceed(ReflectiveMethodInvocation.java:163)
	at org.springframework.aop.framework.CglibAopProxy$CglibMethodInvocation.proceed(CglibAopProxy.java:749)
	at org.springframework.validation.beanvalidation.MethodValidationInterceptor.invoke(MethodValidationInterceptor.java:119)
	at org.springframework.aop.framework.ReflectiveMethodInvocation.proceed(ReflectiveMethodInvocation.java:186)
	at org.springframework.aop.framework.CglibAopProxy$CglibMethodInvocation.proceed(CglibAopProxy.java:749)
	at org.springframework.aop.framework.CglibAopProxy$DynamicAdvisedInterceptor.intercept(CglibAopProxy.java:691)
	at org.egov.boundary.web.controller.LocationBoundaryController$$EnhancerBySpringCGLIB$$94ab0a1c.boundarySearch(<generated>)
	at java.base/jdk.internal.reflect.NativeMethodAccessorImpl.invoke0(Native Method)
	at java.base/jdk.internal.reflect.NativeMethodAccessorImpl.invoke(Unknown Source)
	at java.base/jdk.internal.reflect.DelegatingMethodAccessorImpl.invoke(Unknown Source)
	at java.base/java.lang.reflect.Method.invoke(Unknown Source)
	at org.springframework.web.method.support.InvocableHandlerMethod.doInvoke(InvocableHandlerMethod.java:190)
	at org.springframework.web.method.support.InvocableHandlerMethod.invokeForRequest(InvocableHandlerMethod.java:138)
	at org.springframework.web.servlet.mvc.method.annotation.ServletInvocableHandlerMethod.invokeAndHandle(ServletInvocableHandlerMethod.java:105)
	at org.springframework.web.servlet.mvc.method.annotation.RequestMappingHandlerAdapter.invokeHandlerMethod(RequestMappingHandlerAdapter.java:878)
	at org.springframework.web.servlet.mvc.method.annotation.RequestMappingHandlerAdapter.handleInternal(RequestMappingHandlerAdapter.java:792)
	at org.springframework.web.servlet.mvc.method.AbstractHandlerMethodAdapter.handle(AbstractHandlerMethodAdapter.java:87)
	at org.springframework.web.servlet.DispatcherServlet.doDispatch(DispatcherServlet.java:1040)
	at org.springframework.web.servlet.DispatcherServlet.doService(DispatcherServlet.java:943)
	at org.springframework.web.servlet.FrameworkServlet.processRequest(FrameworkServlet.java:1006)
	at org.springframework.web.servlet.FrameworkServlet.doPost(FrameworkServlet.java:909)
	at javax.servlet.http.HttpServlet.service(HttpServlet.java:652)
	at org.springframework.web.servlet.FrameworkServlet.service(FrameworkServlet.java:883)
	at javax.servlet.http.HttpServlet.service(HttpServlet.java:733)
	at org.apache.catalina.core.ApplicationFilterChain.internalDoFilter(ApplicationFilterChain.java:231)
	at org.apache.catalina.core.ApplicationFilterChain.doFilter(ApplicationFilterChain.java:166)
	at org.apache.tomcat.websocket.server.WsFilter.doFilter(WsFilter.java:53)
	at org.apache.catalina.core.ApplicationFilterChain.internalDoFilter(ApplicationFilterChain.java:193)
	at org.apache.catalina.core.ApplicationFilterChain.doFilter(ApplicationFilterChain.java:166)
	at io.opentracing.contrib.web.servlet.filter.TracingFilter.doFilter(TracingFilter.java:165)
	at org.apache.catalina.core.ApplicationFilterChain.internalDoFilter(ApplicationFilterChain.java:193)
	at org.apache.catalina.core.ApplicationFilterChain.doFilter(ApplicationFilterChain.java:166)
	at org.egov.tracer.http.filters.TracerFilter.doFilter(TracerFilter.java:89)
	at org.apache.catalina.core.ApplicationFilterChain.internalDoFilter(ApplicationFilterChain.java:193)
	at org.apache.catalina.core.ApplicationFilterChain.doFilter(ApplicationFilterChain.java:166)
	at org.springframework.web.filter.RequestContextFilter.doFilterInternal(RequestContextFilter.java:100)
	at org.springframework.web.filter.OncePerRequestFilter.doFilter(OncePerRequestFilter.java:119)
	at org.apache.catalina.core.ApplicationFilterChain.internalDoFilter(ApplicationFilterChain.java:193)
	at org.apache.catalina.core.ApplicationFilterChain.doFilter(ApplicationFilterChain.java:166)
	at org.springframework.web.filter.FormContentFilter.doFilterInternal(FormContentFilter.java:93)
	at org.springframework.web.filter.OncePerRequestFilter.doFilter(OncePerRequestFilter.java:119)
	at org.apache.catalina.core.ApplicationFilterChain.internalDoFilter(ApplicationFilterChain.java:193)
	at org.apache.catalina.core.ApplicationFilterChain.doFilter(ApplicationFilterChain.java:166)
	at org.springframework.boot.actuate.metrics.web.servlet.WebMvcMetricsFilter.doFilterInternal(WebMvcMetricsFilter.java:109)
	at org.springframework.web.filter.OncePerRequestFilter.doFilter(OncePerRequestFilter.java:119)
	at org.apache.catalina.core.ApplicationFilterChain.internalDoFilter(ApplicationFilterChain.java:193)
	at org.apache.catalina.core.ApplicationFilterChain.doFilter(ApplicationFilterChain.java:166)
	at org.springframework.web.filter.CharacterEncodingFilter.doFilterInternal(CharacterEncodingFilter.java:201)
	at org.springframework.web.filter.OncePerRequestFilter.doFilter(OncePerRequestFilter.java:119)
	at org.apache.catalina.core.ApplicationFilterChain.internalDoFilter(ApplicationFilterChain.java:193)
	at org.apache.catalina.core.ApplicationFilterChain.doFilter(ApplicationFilterChain.java:166)
	at org.apache.catalina.core.StandardWrapperValve.invoke(StandardWrapperValve.java:202)
	at org.apache.catalina.core.StandardContextValve.invoke(StandardContextValve.java:97)
	at org.apache.catalina.authenticator.AuthenticatorBase.invoke(AuthenticatorBase.java:542)
	at org.apache.catalina.core.StandardHostValve.invoke(StandardHostValve.java:143)
	at org.apache.catalina.valves.ErrorReportValve.invoke(ErrorReportValve.java:92)
	at org.apache.catalina.core.StandardEngineValve.invoke(StandardEngineValve.java:78)
	at org.apache.catalina.connector.CoyoteAdapter.service(CoyoteAdapter.java:343)
	at org.apache.coyote.http11.Http11Processor.service(Http11Processor.java:374)
	at org.apache.coyote.AbstractProcessorLight.process(AbstractProcessorLight.java:65)
	at org.apache.coyote.AbstractProtocol$ConnectionHandler.process(AbstractProtocol.java:888)
	at org.apache.tomcat.util.net.NioEndpoint$SocketProcessor.doRun(NioEndpoint.java:1597)
	at org.apache.tomcat.util.net.SocketProcessorBase.run(SocketProcessorBase.java:49)
	at java.base/java.util.concurrent.ThreadPoolExecutor.runWorker(Unknown Source)
	at java.base/java.util.concurrent.ThreadPoolExecutor$Worker.run(Unknown Source)
	at org.apache.tomcat.util.threads.TaskThread$WrappingRunnable.run(TaskThread.java:61)
	at java.base/java.lang.Thread.run(Unknown Source)

2026-04-08 12:38:01.950+0000 ERROR --- [082-exec-7] o.e.b.p.r.MdmsRepository                 -- CORRELATION_ID=8e49516e-ed5a-4095-89e5-ae671a9792ec : Invalid TenantIdI/O error on POST request for "https://dev.digit.org/egov-mdms-service/v1/_search": dev.digit.org; nested exception is java.net.UnknownHostException: dev.digit.org 
2026-04-08 12:38:01.951+0000  INFO --- [082-exec-7] o.e.b.p.r.BoundaryRepository             -- CORRELATION_ID=8e49516e-ed5a-4095-89e5-ae671a9792ec : TIME TAKEN for MDMS Search result = 185ms 
2026-04-08 12:38:01.951+0000  INFO --- [082-exec-7] o.e.b.p.r.BoundaryRepository             -- CORRELATION_ID=8e49516e-ed5a-4095-89e5-ae671a9792ec : TIME TAKEN to process the MDMS search result = 0ms 
2026-04-08 12:38:01.951+0000  INFO --- [082-exec-7] o.e.b.w.c.LocationBoundaryController     -- CORRELATION_ID=8e49516e-ed5a-4095-89e5-ae671a9792ec : ToTAL Time Taken In Controller To fetch Boundaries = 185ms 
2026-04-08 12:38:01.954+0000  INFO --- [082-exec-7] o.e.t.h.filters.TracerFilter             -- CORRELATION_ID=8e49516e-ed5a-4095-89e5-ae671a9792ec : Response code sent: 200 
2026-04-08 12:41:19.145+0000  INFO --- [82-exec-10] o.e.t.h.filters.TracerFilter             -- CORRELATION_ID=43c87547-5eec-4fbb-8abc-b3cfdb4b6bae : Received request URI: http://localhost:8082/egov-location/boundarys  
2026-04-08 12:41:19.153+0000 ERROR --- [82-exec-10] o.egov.tracer.ExceptionAdvise            -- CORRELATION_ID=43c87547-5eec-4fbb-8abc-b3cfdb4b6bae : Exception caught in tracer  

org.springframework.http.converter.HttpMessageNotReadableException: JSON parse error: Cannot construct instance of `org.egov.boundary.web.contract.BoundaryType` (although at least one Creator exists): no String-argument constructor/factory method to deserialize from String value ('Locality'); nested exception is com.fasterxml.jackson.databind.exc.MismatchedInputException: Cannot construct instance of `org.egov.boundary.web.contract.BoundaryType` (although at least one Creator exists): no String-argument constructor/factory method to deserialize from String value ('Locality')
 at [Source: (PushbackInputStream); line: 19, column: 17] (through reference chain: org.egov.boundary.web.contract.BoundaryRequest["Boundary"]->org.egov.boundary.domain.model.Boundary["boundaryType"])
	at org.springframework.http.converter.json.AbstractJackson2HttpMessageConverter.readJavaType(AbstractJackson2HttpMessageConverter.java:285)
	at org.springframework.http.converter.json.AbstractJackson2HttpMessageConverter.read(AbstractJackson2HttpMessageConverter.java:243)
	at org.springframework.web.servlet.mvc.method.annotation.AbstractMessageConverterMethodArgumentResolver.readWithMessageConverters(AbstractMessageConverterMethodArgumentResolver.java:205)
	at org.springframework.web.servlet.mvc.method.annotation.RequestResponseBodyMethodProcessor.readWithMessageConverters(RequestResponseBodyMethodProcessor.java:158)
	at org.springframework.web.servlet.mvc.method.annotation.RequestResponseBodyMethodProcessor.resolveArgument(RequestResponseBodyMethodProcessor.java:131)
	at org.springframework.web.method.support.HandlerMethodArgumentResolverComposite.resolveArgument(HandlerMethodArgumentResolverComposite.java:121)
	at org.springframework.web.method.support.InvocableHandlerMethod.getMethodArgumentValues(InvocableHandlerMethod.java:167)
	at org.springframework.web.method.support.InvocableHandlerMethod.invokeForRequest(InvocableHandlerMethod.java:134)
	at org.springframework.web.servlet.mvc.method.annotation.ServletInvocableHandlerMethod.invokeAndHandle(ServletInvocableHandlerMethod.java:105)
	at org.springframework.web.servlet.mvc.method.annotation.RequestMappingHandlerAdapter.invokeHandlerMethod(RequestMappingHandlerAdapter.java:878)
	at org.springframework.web.servlet.mvc.method.annotation.RequestMappingHandlerAdapter.handleInternal(RequestMappingHandlerAdapter.java:792)
	at org.springframework.web.servlet.mvc.method.AbstractHandlerMethodAdapter.handle(AbstractHandlerMethodAdapter.java:87)
	at org.springframework.web.servlet.DispatcherServlet.doDispatch(DispatcherServlet.java:1040)
	at org.springframework.web.servlet.DispatcherServlet.doService(DispatcherServlet.java:943)
	at org.springframework.web.servlet.FrameworkServlet.processRequest(FrameworkServlet.java:1006)
	at org.springframework.web.servlet.FrameworkServlet.doPost(FrameworkServlet.java:909)
	at javax.servlet.http.HttpServlet.service(HttpServlet.java:652)
	at org.springframework.web.servlet.FrameworkServlet.service(FrameworkServlet.java:883)
	at javax.servlet.http.HttpServlet.service(HttpServlet.java:733)
	at org.apache.catalina.core.ApplicationFilterChain.internalDoFilter(ApplicationFilterChain.java:231)
	at org.apache.catalina.core.ApplicationFilterChain.doFilter(ApplicationFilterChain.java:166)
	at org.apache.tomcat.websocket.server.WsFilter.doFilter(WsFilter.java:53)
	at org.apache.catalina.core.ApplicationFilterChain.internalDoFilter(ApplicationFilterChain.java:193)
	at org.apache.catalina.core.ApplicationFilterChain.doFilter(ApplicationFilterChain.java:166)
	at io.opentracing.contrib.web.servlet.filter.TracingFilter.doFilter(TracingFilter.java:165)
	at org.apache.catalina.core.ApplicationFilterChain.internalDoFilter(ApplicationFilterChain.java:193)
	at org.apache.catalina.core.ApplicationFilterChain.doFilter(ApplicationFilterChain.java:166)
	at org.egov.tracer.http.filters.TracerFilter.doFilter(TracerFilter.java:89)
	at org.apache.catalina.core.ApplicationFilterChain.internalDoFilter(ApplicationFilterChain.java:193)
	at org.apache.catalina.core.ApplicationFilterChain.doFilter(ApplicationFilterChain.java:166)
	at org.springframework.web.filter.RequestContextFilter.doFilterInternal(RequestContextFilter.java:100)
	at org.springframework.web.filter.OncePerRequestFilter.doFilter(OncePerRequestFilter.java:119)
	at org.apache.catalina.core.ApplicationFilterChain.internalDoFilter(ApplicationFilterChain.java:193)
	at org.apache.catalina.core.ApplicationFilterChain.doFilter(ApplicationFilterChain.java:166)
	at org.springframework.web.filter.FormContentFilter.doFilterInternal(FormContentFilter.java:93)
	at org.springframework.web.filter.OncePerRequestFilter.doFilter(OncePerRequestFilter.java:119)
	at org.apache.catalina.core.ApplicationFilterChain.internalDoFilter(ApplicationFilterChain.java:193)
	at org.apache.catalina.core.ApplicationFilterChain.doFilter(ApplicationFilterChain.java:166)
	at org.springframework.boot.actuate.metrics.web.servlet.WebMvcMetricsFilter.doFilterInternal(WebMvcMetricsFilter.java:109)
	at org.springframework.web.filter.OncePerRequestFilter.doFilter(OncePerRequestFilter.java:119)
	at org.apache.catalina.core.ApplicationFilterChain.internalDoFilter(ApplicationFilterChain.java:193)
	at org.apache.catalina.core.ApplicationFilterChain.doFilter(ApplicationFilterChain.java:166)
	at org.springframework.web.filter.CharacterEncodingFilter.doFilterInternal(CharacterEncodingFilter.java:201)
	at org.springframework.web.filter.OncePerRequestFilter.doFilter(OncePerRequestFilter.java:119)
	at org.apache.catalina.core.ApplicationFilterChain.internalDoFilter(ApplicationFilterChain.java:193)
	at org.apache.catalina.core.ApplicationFilterChain.doFilter(ApplicationFilterChain.java:166)
	at org.apache.catalina.core.StandardWrapperValve.invoke(StandardWrapperValve.java:202)
	at org.apache.catalina.core.StandardContextValve.invoke(StandardContextValve.java:97)
	at org.apache.catalina.authenticator.AuthenticatorBase.invoke(AuthenticatorBase.java:542)
	at org.apache.catalina.core.StandardHostValve.invoke(StandardHostValve.java:143)
	at org.apache.catalina.valves.ErrorReportValve.invoke(ErrorReportValve.java:92)
	at org.apache.catalina.core.StandardEngineValve.invoke(StandardEngineValve.java:78)
	at org.apache.catalina.connector.CoyoteAdapter.service(CoyoteAdapter.java:343)
	at org.apache.coyote.http11.Http11Processor.service(Http11Processor.java:374)
	at org.apache.coyote.AbstractProcessorLight.process(AbstractProcessorLight.java:65)
	at org.apache.coyote.AbstractProtocol$ConnectionHandler.process(AbstractProtocol.java:888)
	at org.apache.tomcat.util.net.NioEndpoint$SocketProcessor.doRun(NioEndpoint.java:1597)
	at org.apache.tomcat.util.net.SocketProcessorBase.run(SocketProcessorBase.java:49)
	at java.base/java.util.concurrent.ThreadPoolExecutor.runWorker(Unknown Source)
	at java.base/java.util.concurrent.ThreadPoolExecutor$Worker.run(Unknown Source)
	at org.apache.tomcat.util.threads.TaskThread$WrappingRunnable.run(TaskThread.java:61)
	at java.base/java.lang.Thread.run(Unknown Source)
Caused by: com.fasterxml.jackson.databind.exc.MismatchedInputException: Cannot construct instance of `org.egov.boundary.web.contract.BoundaryType` (although at least one Creator exists): no String-argument constructor/factory method to deserialize from String value ('Locality')
 at [Source: (PushbackInputStream); line: 19, column: 17] (through reference chain: org.egov.boundary.web.contract.BoundaryRequest["Boundary"]->org.egov.boundary.domain.model.Boundary["boundaryType"])
	at com.fasterxml.jackson.databind.exc.MismatchedInputException.from(MismatchedInputException.java:63)
	at com.fasterxml.jackson.databind.DeserializationContext.reportInputMismatch(DeserializationContext.java:1432)
	at com.fasterxml.jackson.databind.DeserializationContext.handleMissingInstantiator(DeserializationContext.java:1062)
	at com.fasterxml.jackson.databind.deser.ValueInstantiator._createFromStringFallbacks(ValueInstantiator.java:371)
	at com.fasterxml.jackson.databind.deser.std.StdValueInstantiator.createFromString(StdValueInstantiator.java:323)
	at com.fasterxml.jackson.databind.deser.BeanDeserializerBase.deserializeFromString(BeanDeserializerBase.java:1378)
	at com.fasterxml.jackson.databind.deser.BeanDeserializer._deserializeOther(BeanDeserializer.java:171)
	at com.fasterxml.jackson.databind.deser.BeanDeserializer.deserialize(BeanDeserializer.java:161)
	at com.fasterxml.jackson.databind.deser.impl.MethodProperty.deserializeAndSet(MethodProperty.java:129)
	at com.fasterxml.jackson.databind.deser.BeanDeserializer.vanillaDeserialize(BeanDeserializer.java:288)
	at com.fasterxml.jackson.databind.deser.BeanDeserializer.deserialize(BeanDeserializer.java:151)
	at com.fasterxml.jackson.databind.deser.impl.MethodProperty.deserializeAndSet(MethodProperty.java:129)
	at com.fasterxml.jackson.databind.deser.BeanDeserializer.vanillaDeserialize(BeanDeserializer.java:288)
	at com.fasterxml.jackson.databind.deser.BeanDeserializer.deserialize(BeanDeserializer.java:151)
	at com.fasterxml.jackson.databind.ObjectMapper._readMapAndClose(ObjectMapper.java:4218)
	at com.fasterxml.jackson.databind.ObjectMapper.readValue(ObjectMapper.java:3267)
	at org.springframework.http.converter.json.AbstractJackson2HttpMessageConverter.readJavaType(AbstractJackson2HttpMessageConverter.java:274)
	... 61 common frames omitted

2026-04-08 12:41:19.160+0000  INFO --- [82-exec-10] o.e.t.h.filters.TracerFilter             -- CORRELATION_ID=43c87547-5eec-4fbb-8abc-b3cfdb4b6bae : Response code sent: 400 
